TAP version 13
# Subtest: /tmp/passeur-structural-review-installed-tests/announcement-view.test.mjs
ok 1 - /tmp/passeur-structural-review-installed-tests/announcement-view.test.mjs
  ---
  duration_ms: 73.4967
  type: 'test'
  ...
# Subtest: /tmp/passeur-structural-review-installed-tests/parameter-default-masking.test.mjs
ok 2 - /tmp/passeur-structural-review-installed-tests/parameter-default-masking.test.mjs
  ---
  duration_ms: 433.358523
  type: 'test'
  ...
# Subtest: /tmp/passeur-structural-review-installed-tests/structural-inventory-progress.test.mjs
ok 3 - /tmp/passeur-structural-review-installed-tests/structural-inventory-progress.test.mjs
  ---
  duration_ms: 916.909569
  type: 'test'
  ...
1..3
# tests 3
# suites 0
# pass 3
# fail 0
# cancelled 0
# skipped 0
# todo 0
# duration_ms 928.891545
